<html>
<body>
<pre>
<h1>µVision Build Log</h1>
<h2>Tool Versions:</h2>
IDE-Version: µVision V5.17.0.0
Copyright (C) 2015 ARM Ltd and ARM Germany GmbH. All rights reserved.
License Information: Chetan Microsoft, Microsoft, LIC=JL263-AZKIS-EUB4R-KJQT3-TQ560-1U0N8
 
Tool Versions:
Toolchain:       MDK-ARM Standard  Version: 5.17
Toolchain Path:  C:\Keil_v5\ARM\ARMCC\Bin
C Compiler:      Armcc.exe V5.06 update 1 (build 61)
Assembler:       Armasm.exe V5.06 update 1 (build 61)
Linker/Locator:  ArmLink.exe V5.06 update 1 (build 61)
Library Manager: ArmAr.exe V5.06 update 1 (build 61)
Hex Converter:   FromElf.exe V5.06 update 1 (build 61)
CPU DLL:         SARM.DLL V5.17
Dialog DLL:      DARMP.DLL V1.51
Target DLL:      UL2ARM.DLL V1.74.7.0
Dialog DLL:      TARMP.DLL V1.51
 
<h2>Project:</h2>
C:\Users\V V Technologies\Desktop\V V Tech\ARM7_LPC2148 (Development board)\4. C-Programs on LPC2148\LPC2148-Development Board Sample Codes - C-Programming\10. ADC with LCD\adc_lcd.uvproj
Project File Date:  04/20/2016

<h2>Output:</h2>
*** Using Compiler 'V5.06 update 1 (build 61)', folder: 'C:\Keil_v5\ARM\ARMCC\Bin'
Rebuild target 'Target 1'
assembling Startup.s...
compiling ADC_LCD.c...
ADC_LCD.c(139): warning:  #177-D: variable "gas" was declared but never referenced
  	unsigned int temp, Cuurent, gas;												// Variables
ADC_LCD.c: 1 warning, 0 errors
linking...
Program Size: Code=2000 RO-data=16 RW-data=0 ZI-data=1256  
FromELF: creating hex file...
".\adc_lcd.axf" - 0 Error(s), 1 Warning(s).
Build Time Elapsed:  00:00:02
</pre>
</body>
</html>
